---
source: tui/src/chatwidget/tests.rs
expression: popup
---
  Plugins
  Browse plugins from available marketplaces.
  Installed 1 of 4 available plugins.
  Using cached marketplace data: remote sync timed out

  [All Plugins]  Installed (1)  OpenAI Curated  Repo Marketplace

  Type to search plugins
› [ ] Alpha Sync            Disabled    Space to enable; Enter view details.
  [-] Bravo Search          Available · ChatGPT Marketplace · Search docs and tickets.
  [-] Hidden Repo Plugin    Available · Repo Marketplace · Should not be shown in /plugins.
  [-] Starter               Available · ChatGPT Marketplace · Included by default.

  space enable/disable · ←/→ select marketplace · enter view details · esc close
